// Jest Snapshot v1, https://goo.gl/fbAQLP

exports[`TheHeader.vue renders correctly 1`] = `
<cheader-stub
  colorscheme="light"
  fixed="true"
  light=""
  tag="header"
  withsubheader="true"
>
  <ctoggler-stub
    class="ml-3 d-lg-none"
    inheader="true"
    tag="button"
  />
   
  <ctoggler-stub
    class="ml-3 d-md-down-none"
    inheader="true"
    tag="button"
  />
   
  <cheaderbrand-stub
    activeclass="router-link-active"
    class="mx-auto d-lg-none"
    event="click"
    exactactiveclass="router-link-exact-active"
    routertag="a"
    tag="div"
    target="_self"
    to="/"
  >
    <img
      alt=""
      src="../assets/logo.png"
      width="30%"
    />
  </cheaderbrand-stub>
   
  <cheadernav-stub
    class="ml-auto"
  >
    <cheadernavitem-stub
      class="d-md-down-none mx-2"
    >
      <cheadernavlink-stub
        activeclass="router-link-active"
        event="click"
        exactactiveclass="router-link-exact-active"
        routertag="a"
        target="_self"
      >
        <i
          class="fa fa-bell"
        />
      </cheadernavlink-stub>
    </cheadernavitem-stub>
     
    <cheadernavitem-stub
      class="d-md-down-none mr-5"
    >
      <a>
        Logout
      </a>
    </cheadernavitem-stub>
  </cheadernav-stub>
</cheader-stub>
`;
