// Jest Snapshot v1, https://goo.gl/fbAQLP

exports[`TheSidebar.vue renders correctly 1`] = `
<csidebar-stub
  breakpoint="lg"
  colorscheme="dark"
  dropdownmode="openActive"
  fixed="true"
  hideonmobileclick="true"
  show="responsive"
>
  <csidebarbrand-stub
    activeclass="router-link-active"
    class="d-md-down-none py-3"
    event="click"
    exactactiveclass="router-link-exact-active"
    routertag="a"
    tag="div"
    target="_self"
    to="/"
  >
    <img
      alt=""
      src="../assets/logo.png"
      width="30%"
    />
  </csidebarbrand-stub>
   
  <crenderfunction-stub
    contenttorender="[object Object]"
    flat="true"
  />
   
  <csidebarminimizer-stub
    class="d-md-down-none"
  />
</csidebar-stub>
`;
